// Jest Snapshot v1, https://goo.gl/fbAQLP

exports[`Input renders basic layout 1`] = `ShallowWrapper {}`;
