// Jest Snapshot v1, https://goo.gl/fbAQLP

exports[`Input renders amex 1`] = `ShallowWrapper {}`;

exports[`Input renders default 1`] = `ShallowWrapper {}`;

exports[`Input renders visa 1`] = `ShallowWrapper {}`;
