// Jest Snapshot v1, https://goo.gl/fbAQLP

exports[`CreditCardForm renders basic layout 1`] = `ShallowWrapper {}`;
